error[E0308]: mismatched types
  --> $DIR/lazy-boolean-types-2.rs:8:13
   |
LL |     assert!(1 && 1); 
   |             ^ expected `bool`, found integer

error[E0308]: mismatched types
  --> $DIR/lazy-boolean-types-2.rs:8:18
   |
LL |     assert!(1 && 1); 
   |                  ^ expected `bool`, found integer

error[E0308]: mismatched types
  --> $DIR/lazy-boolean-types-2.rs:11:13
   |
LL |     assert!(1.5 && 1.5); 
   |             ^^^ expected `bool`, found floating-point number

error[E0308]: mismatched types
  --> $DIR/lazy-boolean-types-2.rs:11:20
   |
LL |     assert!(1.5 && 1.5); 
   |                    ^^^ expected `bool`, found floating-point number

error[E0308]: mismatched types
  --> $DIR/lazy-boolean-types-2.rs:14:13
   |
LL |     assert!(1.5 && 1); 
   |             ^^^ expected `bool`, found floating-point number

error[E0308]: mismatched types
  --> $DIR/lazy-boolean-types-2.rs:14:20
   |
LL |     assert!(1.5 && 1); 
   |                    ^ expected `bool`, found integer

error[E0308]: mismatched types
  --> $DIR/lazy-boolean-types-2.rs:17:22
   |
LL |     assert!(false && 1); 
   |             -----    ^ expected `bool`, found integer
   |             |
   |             expected because this is `bool`

error[E0308]: mismatched types
  --> $DIR/lazy-boolean-types-2.rs:19:13
   |
LL |     assert!('a' && 'b'); 
   |             ^^^ expected `bool`, found `char`

error[E0308]: mismatched types
  --> $DIR/lazy-boolean-types-2.rs:19:20
   |
LL |     assert!('a' && 'b'); 
   |                    ^^^ expected `bool`, found `char`

error[E0308]: mismatched types
  --> $DIR/lazy-boolean-types-2.rs:22:13
   |
LL |     assert!('a' || true); 
   |             ^^^ expected `bool`, found `char`

error[E0308]: mismatched types
  --> $DIR/lazy-boolean-types-2.rs:24:13
   |
LL |     assert!("alpha" && "beta");
   |             ^^^^^^^ expected `bool`, found `&str`

error[E0308]: mismatched types
  --> $DIR/lazy-boolean-types-2.rs:24:24
   |
LL |     assert!("alpha" && "beta");
   |                        ^^^^^^ expected `bool`, found `&str`

error[E0308]: mismatched types
  --> $DIR/lazy-boolean-types-2.rs:27:13
   |
LL |     assert!("alpha" || true); 
   |             ^^^^^^^ expected `bool`, found `&str`

error: aborting due to 13 previous errors

For more information about this error, try `rustc --explain E0308`.
