error[E0308]: mismatched types
  --> $DIR/lazy-boolean-types-2.rs:4:13
   |
LL |     assert!(1 && 1); 
   |             ^ expected `bool`, found integer

error[E0308]: mismatched types
  --> $DIR/lazy-boolean-types-2.rs:4:18
   |
LL |     assert!(1 && 1); 
   |                  ^ expected `bool`, found integer

error[E0308]: mismatched types
  --> $DIR/lazy-boolean-types-2.rs:7:13
   |
LL |     assert!(1.5 && 1.5); 
   |             ^^^ expected `bool`, found floating-point number

error[E0308]: mismatched types
  --> $DIR/lazy-boolean-types-2.rs:7:20
   |
LL |     assert!(1.5 && 1.5); 
   |                    ^^^ expected `bool`, found floating-point number

error[E0308]: mismatched types
  --> $DIR/lazy-boolean-types-2.rs:10:13
   |
LL |     assert!(1.5 && 1); 
   |             ^^^ expected `bool`, found floating-point number

error[E0308]: mismatched types
  --> $DIR/lazy-boolean-types-2.rs:10:20
   |
LL |     assert!(1.5 && 1); 
   |                    ^ expected `bool`, found integer

error[E0308]: mismatched types
  --> $DIR/lazy-boolean-types-2.rs:13:22
   |
LL |     assert!(false && 1); 
   |             -----    ^ expected `bool`, found integer
   |             |
   |             expected because this is `bool`

error[E0308]: mismatched types
  --> $DIR/lazy-boolean-types-2.rs:15:13
   |
LL |     assert!('a' && 'b'); 
   |             ^^^ expected `bool`, found `char`

error[E0308]: mismatched types
  --> $DIR/lazy-boolean-types-2.rs:15:20
   |
LL |     assert!('a' && 'b'); 
   |                    ^^^ expected `bool`, found `char`

error[E0308]: mismatched types
  --> $DIR/lazy-boolean-types-2.rs:18:13
   |
LL |     assert!('a' || true); 
   |             ^^^ expected `bool`, found `char`

error[E0308]: mismatched types
  --> $DIR/lazy-boolean-types-2.rs:20:13
   |
LL |     assert!("alpha" && "beta");
   |             ^^^^^^^ expected `bool`, found `&str`

error[E0308]: mismatched types
  --> $DIR/lazy-boolean-types-2.rs:20:24
   |
LL |     assert!("alpha" && "beta");
   |                        ^^^^^^ expected `bool`, found `&str`

error[E0308]: mismatched types
  --> $DIR/lazy-boolean-types-2.rs:23:13
   |
LL |     assert!("alpha" || true); 
   |             ^^^^^^^ expected `bool`, found `&str`

error: aborting due to 13 previous errors

For more information about this error, try `rustc --explain E0308`.
