warning: unused variable: `u`
  --> $DIR/union-struct-expression-type.rs:17:9
   |
LL |     let u = MyUnion { x: 2 };
   |         ^ help: if this is intentional, prefix it with an underscore: `_u`
   |
   = note: `#[warn(unused_variables)]` on by default

warning: 1 warning emitted

